*** EVALUATION ***
PROGRAM "Practica5_C.abs"

*********************************************************************************************
TARGET SECTION
---------------------------------------------------------------------------------------------
Processor   : Freescale HC08
Memory Model: SMALL
File Format : ELF\DWARF 2.0
Linker      : SmartLinker V-5.0.51 Build 14019, Jan 20 2014

*********************************************************************************************
FILE SECTION
---------------------------------------------------------------------------------------------
main_c.obj                              Model: SMALL,         Lang: ANSI-C
start08_c.obj                           Model: SMALL,         Lang: ANSI-C
mc9s08qg8_c.obj                         Model: SMALL,         Lang: ANSI-C
printf.o (ansiis.lib)                   Model: SMALL,         Lang: ANSI-C
rtshc08.o (ansiis.lib)                  Model: SMALL,         Lang: ANSI-C
string.o (ansiis.lib)                   Model: SMALL,         Lang: ANSI-C

*********************************************************************************************
STARTUP SECTION
---------------------------------------------------------------------------------------------
Entry point: 0xE07B (_Startup)
_startupData is allocated at 0xE084 and uses 6 Bytes
extern struct _tagStartup {
  unsigned nofZeroOut     1
  _Range   pZeroOut       0x100     16
  _Copy    *toCopyDownBeg 0xED34
} _startupData;

*********************************************************************************************
SECTION-ALLOCATION SECTION
Section Name                    Size  Type     From       To       Segment
---------------------------------------------------------------------------------------------
.init                            132     R     0xE000     0xE083   ROM
.startData                        14     R     0xE084     0xE091   ROM
.rodata                          116     R     0xE092     0xE105   ROM
.rodata1                          47     R     0xE106     0xE134   ROM
.text                           3071     R     0xE135     0xED33   ROM
.copy                              2     R     0xED34     0xED35   ROM
.abs_section_ffd8                  2     R     0xFFD8     0xFFD9   .absSeg0
.abs_section_0                     1   N/I        0x0        0x0   .absSeg1
.abs_section_1                     1   N/I        0x1        0x1   .absSeg2
.abs_section_2                     1   N/I        0x2        0x2   .absSeg3
.abs_section_3                     1   N/I        0x3        0x3   .absSeg4
.abs_section_c                     1   N/I        0xC        0xC   .absSeg5
.abs_section_d                     1   N/I        0xD        0xD   .absSeg6
.abs_section_e                     1   N/I        0xE        0xE   .absSeg7
.abs_section_f                     1   N/I        0xF        0xF   .absSeg8
.abs_section_10                    1   N/I       0x10       0x10   .absSeg9
.abs_section_11                    1   N/I       0x11       0x11   .absSeg10
.abs_section_16                    1   N/I       0x16       0x16   .absSeg11
.abs_section_17                    1   N/I       0x17       0x17   .absSeg12
.abs_section_1a                    1   N/I       0x1A       0x1A   .absSeg13
.abs_section_22                    1   N/I       0x22       0x22   .absSeg14
.abs_section_23                    1   N/I       0x23       0x23   .absSeg15
.abs_section_24                    1   N/I       0x24       0x24   .absSeg16
.abs_section_25                    1   N/I       0x25       0x25   .absSeg17
.abs_section_26                    1   N/I       0x26       0x26   .absSeg18
.abs_section_27                    1   N/I       0x27       0x27   .absSeg19
.abs_section_28                    1   N/I       0x28       0x28   .absSeg20
.abs_section_29                    1   N/I       0x29       0x29   .absSeg21
.abs_section_2a                    1   N/I       0x2A       0x2A   .absSeg22
.abs_section_2b                    1   N/I       0x2B       0x2B   .absSeg23
.abs_section_2d                    1   N/I       0x2D       0x2D   .absSeg24
.abs_section_30                    1   N/I       0x30       0x30   .absSeg25
.abs_section_31                    1   N/I       0x31       0x31   .absSeg26
.abs_section_32                    1   N/I       0x32       0x32   .absSeg27
.abs_section_33                    1   N/I       0x33       0x33   .absSeg28
.abs_section_34                    1   N/I       0x34       0x34   .absSeg29
.abs_section_38                    1   N/I       0x38       0x38   .absSeg30
.abs_section_39                    1   N/I       0x39       0x39   .absSeg31
.abs_section_3a                    1   N/I       0x3A       0x3A   .absSeg32
.abs_section_3b                    1   N/I       0x3B       0x3B   .absSeg33
.abs_section_3c                    1   N/I       0x3C       0x3C   .absSeg34
.abs_section_3d                    1   N/I       0x3D       0x3D   .absSeg35
.abs_section_3e                    1   N/I       0x3E       0x3E   .absSeg36
.abs_section_3f                    1   N/I       0x3F       0x3F   .absSeg37
.abs_section_40                    1   N/I       0x40       0x40   .absSeg38
.abs_section_45                    1   N/I       0x45       0x45   .absSeg39
.abs_section_48                    1   N/I       0x48       0x48   .absSeg40
.abs_section_1800                  1   N/I     0x1800     0x1800   .absSeg41
.abs_section_1801                  1   N/I     0x1801     0x1801   .absSeg42
.abs_section_1802                  1   N/I     0x1802     0x1802   .absSeg43
.abs_section_1803                  1   N/I     0x1803     0x1803   .absSeg44
.abs_section_1808                  1   N/I     0x1808     0x1808   .absSeg45
.abs_section_1809                  1   N/I     0x1809     0x1809   .absSeg46
.abs_section_180a                  1   N/I     0x180A     0x180A   .absSeg47
.abs_section_180c                  1   N/I     0x180C     0x180C   .absSeg48
.abs_section_1816                  1   N/I     0x1816     0x1816   .absSeg49
.abs_section_1817                  1   N/I     0x1817     0x1817   .absSeg50
.abs_section_1818                  1   N/I     0x1818     0x1818   .absSeg51
.abs_section_1820                  1   N/I     0x1820     0x1820   .absSeg52
.abs_section_1821                  1   N/I     0x1821     0x1821   .absSeg53
.abs_section_1823                  1   N/I     0x1823     0x1823   .absSeg54
.abs_section_1824                  1   N/I     0x1824     0x1824   .absSeg55
.abs_section_1825                  1   N/I     0x1825     0x1825   .absSeg56
.abs_section_1826                  1   N/I     0x1826     0x1826   .absSeg57
.abs_section_1840                  1   N/I     0x1840     0x1840   .absSeg58
.abs_section_1841                  1   N/I     0x1841     0x1841   .absSeg59
.abs_section_1842                  1   N/I     0x1842     0x1842   .absSeg60
.abs_section_1844                  1   N/I     0x1844     0x1844   .absSeg61
.abs_section_1845                  1   N/I     0x1845     0x1845   .absSeg62
.abs_section_1846                  1   N/I     0x1846     0x1846   .absSeg63
.abs_section_12                    2   N/I       0x12       0x13   .absSeg64
.abs_section_14                    2   N/I       0x14       0x15   .absSeg65
.abs_section_20                    2   N/I       0x20       0x21   .absSeg66
.abs_section_41                    2   N/I       0x41       0x42   .absSeg67
.abs_section_43                    2   N/I       0x43       0x44   .absSeg68
.abs_section_46                    2   N/I       0x46       0x47   .absSeg69
.abs_section_49                    2   N/I       0x49       0x4A   .absSeg70
.abs_section_1806                  2   N/I     0x1806     0x1807   .absSeg71
.abs_section_1810                  2   N/I     0x1810     0x1811   .absSeg72
.abs_section_1812                  2   N/I     0x1812     0x1813   .absSeg73
.abs_section_1814                  2   N/I     0x1814     0x1815   .absSeg74
.bss                              16   R/W      0x100      0x10F   RAM
.stack                            64   R/W      0x110      0x14F   RAM
.vectSeg75_vect                    2     R     0xFFFE     0xFFFF   .vectSeg75

Summary of section sizes per section type:
READ_ONLY (R):         D3A (dec:     3386)
READ_WRITE (R/W):       50 (dec:       80)
NO_INIT (N/I):          55 (dec:       85)

*********************************************************************************************
VECTOR-ALLOCATION SECTION
    Address     InitValue   InitFunction
---------------------------------------------------------------------------------------------
     0xFFFE        0xE07B   _Startup

*********************************************************************************************
OBJECT-ALLOCATION SECTION
     Name               Module                 Addr   hSize   dSize     Ref    Section   RLIB
---------------------------------------------------------------------------------------------
MODULE:                 -- main_c.obj --
- PROCEDURES:
     Int_ADC                                   E135       E      14       1   .text       
     main                                      E143     121     289       4   .text       
     serial                                    E264       D      13       1   .text       
     serialchar                                E271      32      50       2   .text       
     serialtext                                E2A3      23      35       3   .text       
- VARIABLES:
     STRING..ADC...1                           E106       7       7       1   .rodata1    
     STRING.Temperatura.LM35...2               E10D      13      19       1   .rodata1    
     STRING.Temperatura.MCU...3                E120      12      18       1   .rodata1    
     STRING..i.4                               E132       3       3       1   .rodata1    
     Propia                                     100       2       2       1   .bss        
     Temperature_LM35                           102       2       2       2   .bss        
     Temperature_ADCR                           104       2       2       4   .bss        
     Banderas                                   106       2       2       4   .bss        
     Lectura                                    108       2       2       3   .bss        
     _Vector_19                                FFD8       2       2       0   .abs_section_ffd8
MODULE:                 -- start08_c.obj --
- PROCEDURES:
     loadByte                                  E000       E      14       5   .init       
     Init                                      E00E      6D     109       1   .init       
     _Startup                                  E07B       9       9       0   .init       
- VARIABLES:
     _startupData                              E084       6       6       4   .startData  
- LABELS:
     __SEG_END_SSTACK                           150       0       0       1               
MODULE:                 -- mc9s08qg8_c.obj --
- PROCEDURES:
- VARIABLES:
     _PTAD                                        0       1       1       8   .abs_section_0
     _PTADD                                       1       1       1       1   .abs_section_1
     _PTBD                                        2       1       1       0   .abs_section_2
     _PTBDD                                       3       1       1       0   .abs_section_3
     _KBISC                                       C       1       1       0   .abs_section_c
     _KBIPE                                       D       1       1       0   .abs_section_d
     _KBIES                                       E       1       1       0   .abs_section_e
     _IRQSC                                       F       1       1       0   .abs_section_f
     _ADCSC1                                     10       1       1       3   .abs_section_10
     _ADCSC2                                     11       1       1       0   .abs_section_11
     _ADCCFG                                     16       1       1       1   .abs_section_16
     _APCTL1                                     17       1       1       1   .abs_section_17
     _ACMPSC                                     1A       1       1       0   .abs_section_1a
     _SCIC1                                      22       1       1       0   .abs_section_22
     _SCIC2                                      23       1       1       1   .abs_section_23
     _SCIS1                                      24       1       1       2   .abs_section_24
     _SCIS2                                      25       1       1       0   .abs_section_25
     _SCIC3                                      26       1       1       0   .abs_section_26
     _SCID                                       27       1       1       2   .abs_section_27
     _SPIC1                                      28       1       1       0   .abs_section_28
     _SPIC2                                      29       1       1       0   .abs_section_29
     _SPIBR                                      2A       1       1       0   .abs_section_2a
     _SPIS                                       2B       1       1       0   .abs_section_2b
     _SPID                                       2D       1       1       0   .abs_section_2d
     _IICA                                       30       1       1       0   .abs_section_30
     _IICF                                       31       1       1       0   .abs_section_31
     _IICC                                       32       1       1       0   .abs_section_32
     _IICS                                       33       1       1       0   .abs_section_33
     _IICD                                       34       1       1       0   .abs_section_34
     _ICSC1                                      38       1       1       0   .abs_section_38
     _ICSC2                                      39       1       1       0   .abs_section_39
     _ICSTRM                                     3A       1       1       0   .abs_section_3a
     _ICSSC                                      3B       1       1       0   .abs_section_3b
     _MTIMSC                                     3C       1       1       0   .abs_section_3c
     _MTIMCLK                                    3D       1       1       0   .abs_section_3d
     _MTIMCNT                                    3E       1       1       0   .abs_section_3e
     _MTIMMOD                                    3F       1       1       0   .abs_section_3f
     _TPMSC                                      40       1       1       0   .abs_section_40
     _TPMC0SC                                    45       1       1       0   .abs_section_45
     _TPMC1SC                                    48       1       1       0   .abs_section_48
     _SRS                                      1800       1       1       0   .abs_section_1800
     _SBDFR                                    1801       1       1       0   .abs_section_1801
     _SOPT1                                    1802       1       1       1   .abs_section_1802
     _SOPT2                                    1803       1       1       0   .abs_section_1803
     _SRTISC                                   1808       1       1       0   .abs_section_1808
     _SPMSC1                                   1809       1       1       0   .abs_section_1809
     _SPMSC2                                   180A       1       1       0   .abs_section_180a
     _SPMSC3                                   180C       1       1       0   .abs_section_180c
     _DBGC                                     1816       1       1       0   .abs_section_1816
     _DBGT                                     1817       1       1       0   .abs_section_1817
     _DBGS                                     1818       1       1       0   .abs_section_1818
     _FCDIV                                    1820       1       1       0   .abs_section_1820
     _FOPT                                     1821       1       1       0   .abs_section_1821
     _FCNFG                                    1823       1       1       0   .abs_section_1823
     _FPROT                                    1824       1       1       0   .abs_section_1824
     _FSTAT                                    1825       1       1       0   .abs_section_1825
     _FCMD                                     1826       1       1       0   .abs_section_1826
     _PTAPE                                    1840       1       1       0   .abs_section_1840
     _PTASE                                    1841       1       1       0   .abs_section_1841
     _PTADS                                    1842       1       1       0   .abs_section_1842
     _PTBPE                                    1844       1       1       0   .abs_section_1844
     _PTBSE                                    1845       1       1       0   .abs_section_1845
     _PTBDS                                    1846       1       1       0   .abs_section_1846
     _ADCR                                       12       2       2       1   .abs_section_12
     _ADCCV                                      14       2       2       0   .abs_section_14
     _SCIBD                                      20       2       2       1   .abs_section_20
     _TPMCNT                                     41       2       2       0   .abs_section_41
     _TPMMOD                                     43       2       2       0   .abs_section_43
     _TPMC0V                                     46       2       2       0   .abs_section_46
     _TPMC1V                                     49       2       2       0   .abs_section_49
     _SDID                                     1806       2       2       0   .abs_section_1806
     _DBGCA                                    1810       2       2       0   .abs_section_1810
     _DBGCB                                    1812       2       2       0   .abs_section_1812
     _DBGF                                     1814       2       2       0   .abs_section_1814
MODULE:                 -- printf.o (ansiis.lib) --
- PROCEDURES:
     vprintf                                   E2C6     60B    1547      39   .text       
     _out                                      E8D1       D      13       9   .text       
     deposit_char                              E8DE      15      21       1   .text       
     sprintf                                   E8F3      3B      59       1   .text       
- VARIABLES:
     pow10                                     E092      28      40       4   .rodata     
     pow16                                     E0BA      20      32       4   .rodata     
     pow8                                      E0DA      2C      44       4   .rodata     
     pbuf                                       10A       6       6      14   .bss        
MODULE:                 -- rtshc08.o (ansiis.lib) --
- PROCEDURES:
     _PUSH_ARGS_L                              E92E      20      32       2   .text       
     _ENTER_UNARY_L                            E94E      29      41       1   .text       
     _ENTER_BINARY_L                           E977      16      22       2   .text       
     _ENTER_BINARY_L_RC                        E98D      19      25       3   .text       
     _IDIVMOD                                  E9A6      69     105       1   .text       
     _k_is_k_plus_j_l                          EA0F      1E      30       2   .text       
     _k_is_k_plus_j_i                          EA2D      12      18       3   .text       
     _LSUB_k_is_k_minus_j                      EA3F      1F      31       2   .text       
     _LMUL_k_is_k_mul_j                        EA5E      81     129       1   .text       
     _LDIVMOD                                  EADF      A4     164       1   .text       
     _NEG_L_HX                                 EB83      13      19       2   .text       
     _ABS_L_HX                                 EB96       6       6       2   .text       
     _SPLITSIGN_L                              EB9C       A      10       1   .text       
     _LDIVS_k_is_k_div_j                       EBA6      27      39       1   .text       
     _LCMP_k_rel_j                             EBCD      1F      31       1   .text       
     _IMUL_STAR08                              EBEC      27      39       3   .text       
     _IDIVU_STAR08                             EC13       D      13       1   .text       
     _LNEG                                     EC20      1C      28       1   .text       
     _LSUB                                     EC3C       6       6       1   .text       
     _LSUB_RC                                  EC42       6       6       1   .text       
     _LMUL_RC                                  EC48       6       6       1   .text       
     _LDIVS_RC                                 EC4E       6       6       2   .text       
     _LCMP                                     EC54       6       6       4   .text       
     _COPY                                     EC5A      30      48       2   .text       
     _POP32                                    EC8A      1A      26       4   .text       
     _SEXT16_32                                ECA4       D      13       2   .text       
     _Jump_Table_Addr                          ECB1      16      22       1   .text       
     _Search_Table_8_Addr                      ECC7      21      33       1   .text       
     _Search_Table_8_Offset                    ECE8      25      37       1   .text       
- VARIABLES:
MODULE:                 -- string.o (ansiis.lib) --
- PROCEDURES:
     strlen                                    ED0D      27      39       1   .text       
- VARIABLES:

*********************************************************************************************
MODULE STATISTIC
  Name                                      Data   Code  Const
---------------------------------------------------------------------------------------------
  main_c.obj                                  10    401     49
  start08_c.obj                                0    132      0
  mc9s08qg8_c.obj                             85      0      0
  printf.o (ansiis.lib)                        6   1640    116
  rtshc08.o (ansiis.lib)                       0    991      0
  string.o (ansiis.lib)                        0     39      0
  other                                       64     16      2

*********************************************************************************************
SECTION USE IN OBJECT-ALLOCATION SECTION
---------------------------------------------------------------------------------------------
SECTION: ".text"
  Int_ADC main serial serialchar serialtext vprintf _out deposit_char sprintf 
  _PUSH_ARGS_L _ENTER_UNARY_L _ENTER_BINARY_L _ENTER_BINARY_L_RC _IDIVMOD 
  _k_is_k_plus_j_l _k_is_k_plus_j_i _LSUB_k_is_k_minus_j _LMUL_k_is_k_mul_j 
  _LDIVMOD _NEG_L_HX _ABS_L_HX _SPLITSIGN_L _LDIVS_k_is_k_div_j _LCMP_k_rel_j 
  _IMUL_STAR08 _IDIVU_STAR08 _LNEG _LSUB _LSUB_RC _LMUL_RC _LDIVS_RC _LCMP 
  _COPY _POP32 _SEXT16_32 _Jump_Table_Addr _Search_Table_8_Addr 
  _Search_Table_8_Offset strlen 
SECTION: ".bss"
  Propia Temperature_LM35 Temperature_ADCR Banderas Lectura pbuf 
SECTION: ".init"
  loadByte Init _Startup 
SECTION: ".rodata"
  pow10 pow16 pow8 
SECTION: ".rodata1"
  STRING..ADC...1 STRING.Temperatura.LM35...2 STRING.Temperatura.MCU...3 
  STRING..i.4 
SECTION: ".abs_section_ffd8"
  _Vector_19 
SECTION: ".abs_section_0"
  _PTAD 
SECTION: ".abs_section_1"
  _PTADD 
SECTION: ".abs_section_2"
  _PTBD 
SECTION: ".abs_section_3"
  _PTBDD 
SECTION: ".abs_section_c"
  _KBISC 
SECTION: ".abs_section_d"
  _KBIPE 
SECTION: ".abs_section_e"
  _KBIES 
SECTION: ".abs_section_f"
  _IRQSC 
SECTION: ".abs_section_10"
  _ADCSC1 
SECTION: ".abs_section_11"
  _ADCSC2 
SECTION: ".abs_section_16"
  _ADCCFG 
SECTION: ".abs_section_17"
  _APCTL1 
SECTION: ".abs_section_1a"
  _ACMPSC 
SECTION: ".abs_section_22"
  _SCIC1 
SECTION: ".abs_section_23"
  _SCIC2 
SECTION: ".abs_section_24"
  _SCIS1 
SECTION: ".abs_section_25"
  _SCIS2 
SECTION: ".abs_section_26"
  _SCIC3 
SECTION: ".abs_section_27"
  _SCID 
SECTION: ".abs_section_28"
  _SPIC1 
SECTION: ".abs_section_29"
  _SPIC2 
SECTION: ".abs_section_2a"
  _SPIBR 
SECTION: ".abs_section_2b"
  _SPIS 
SECTION: ".abs_section_2d"
  _SPID 
SECTION: ".abs_section_30"
  _IICA 
SECTION: ".abs_section_31"
  _IICF 
SECTION: ".abs_section_32"
  _IICC 
SECTION: ".abs_section_33"
  _IICS 
SECTION: ".abs_section_34"
  _IICD 
SECTION: ".abs_section_38"
  _ICSC1 
SECTION: ".abs_section_39"
  _ICSC2 
SECTION: ".abs_section_3a"
  _ICSTRM 
SECTION: ".abs_section_3b"
  _ICSSC 
SECTION: ".abs_section_3c"
  _MTIMSC 
SECTION: ".abs_section_3d"
  _MTIMCLK 
SECTION: ".abs_section_3e"
  _MTIMCNT 
SECTION: ".abs_section_3f"
  _MTIMMOD 
SECTION: ".abs_section_40"
  _TPMSC 
SECTION: ".abs_section_45"
  _TPMC0SC 
SECTION: ".abs_section_48"
  _TPMC1SC 
SECTION: ".abs_section_1800"
  _SRS 
SECTION: ".abs_section_1801"
  _SBDFR 
SECTION: ".abs_section_1802"
  _SOPT1 
SECTION: ".abs_section_1803"
  _SOPT2 
SECTION: ".abs_section_1808"
  _SRTISC 
SECTION: ".abs_section_1809"
  _SPMSC1 
SECTION: ".abs_section_180a"
  _SPMSC2 
SECTION: ".abs_section_180c"
  _SPMSC3 
SECTION: ".abs_section_1816"
  _DBGC 
SECTION: ".abs_section_1817"
  _DBGT 
SECTION: ".abs_section_1818"
  _DBGS 
SECTION: ".abs_section_1820"
  _FCDIV 
SECTION: ".abs_section_1821"
  _FOPT 
SECTION: ".abs_section_1823"
  _FCNFG 
SECTION: ".abs_section_1824"
  _FPROT 
SECTION: ".abs_section_1825"
  _FSTAT 
SECTION: ".abs_section_1826"
  _FCMD 
SECTION: ".abs_section_1840"
  _PTAPE 
SECTION: ".abs_section_1841"
  _PTASE 
SECTION: ".abs_section_1842"
  _PTADS 
SECTION: ".abs_section_1844"
  _PTBPE 
SECTION: ".abs_section_1845"
  _PTBSE 
SECTION: ".abs_section_1846"
  _PTBDS 
SECTION: ".abs_section_12"
  _ADCR 
SECTION: ".abs_section_14"
  _ADCCV 
SECTION: ".abs_section_20"
  _SCIBD 
SECTION: ".abs_section_41"
  _TPMCNT 
SECTION: ".abs_section_43"
  _TPMMOD 
SECTION: ".abs_section_46"
  _TPMC0V 
SECTION: ".abs_section_49"
  _TPMC1V 
SECTION: ".abs_section_1806"
  _SDID 
SECTION: ".abs_section_1810"
  _DBGCA 
SECTION: ".abs_section_1812"
  _DBGCB 
SECTION: ".abs_section_1814"
  _DBGF 

*********************************************************************************************
OBJECT LIST SORTED BY ADDRESS
     Name                                      Addr   hSize   dSize     Ref    Section   RLIB
---------------------------------------------------------------------------------------------
     _PTAD                                        0       1       1       8   .abs_section_0
     _PTADD                                       1       1       1       1   .abs_section_1
     _PTBD                                        2       1       1       0   .abs_section_2
     _PTBDD                                       3       1       1       0   .abs_section_3
     _KBISC                                       C       1       1       0   .abs_section_c
     _KBIPE                                       D       1       1       0   .abs_section_d
     _KBIES                                       E       1       1       0   .abs_section_e
     _IRQSC                                       F       1       1       0   .abs_section_f
     _ADCSC1                                     10       1       1       3   .abs_section_10
     _ADCSC2                                     11       1       1       0   .abs_section_11
     _ADCR                                       12       2       2       1   .abs_section_12
     _ADCCV                                      14       2       2       0   .abs_section_14
     _ADCCFG                                     16       1       1       1   .abs_section_16
     _APCTL1                                     17       1       1       1   .abs_section_17
     _ACMPSC                                     1A       1       1       0   .abs_section_1a
     _SCIBD                                      20       2       2       1   .abs_section_20
     _SCIC1                                      22       1       1       0   .abs_section_22
     _SCIC2                                      23       1       1       1   .abs_section_23
     _SCIS1                                      24       1       1       2   .abs_section_24
     _SCIS2                                      25       1       1       0   .abs_section_25
     _SCIC3                                      26       1       1       0   .abs_section_26
     _SCID                                       27       1       1       2   .abs_section_27
     _SPIC1                                      28       1       1       0   .abs_section_28
     _SPIC2                                      29       1       1       0   .abs_section_29
     _SPIBR                                      2A       1       1       0   .abs_section_2a
     _SPIS                                       2B       1       1       0   .abs_section_2b
     _SPID                                       2D       1       1       0   .abs_section_2d
     _IICA                                       30       1       1       0   .abs_section_30
     _IICF                                       31       1       1       0   .abs_section_31
     _IICC                                       32       1       1       0   .abs_section_32
     _IICS                                       33       1       1       0   .abs_section_33
     _IICD                                       34       1       1       0   .abs_section_34
     _ICSC1                                      38       1       1       0   .abs_section_38
     _ICSC2                                      39       1       1       0   .abs_section_39
     _ICSTRM                                     3A       1       1       0   .abs_section_3a
     _ICSSC                                      3B       1       1       0   .abs_section_3b
     _MTIMSC                                     3C       1       1       0   .abs_section_3c
     _MTIMCLK                                    3D       1       1       0   .abs_section_3d
     _MTIMCNT                                    3E       1       1       0   .abs_section_3e
     _MTIMMOD                                    3F       1       1       0   .abs_section_3f
     _TPMSC                                      40       1       1       0   .abs_section_40
     _TPMCNT                                     41       2       2       0   .abs_section_41
     _TPMMOD                                     43       2       2       0   .abs_section_43
     _TPMC0SC                                    45       1       1       0   .abs_section_45
     _TPMC0V                                     46       2       2       0   .abs_section_46
     _TPMC1SC                                    48       1       1       0   .abs_section_48
     _TPMC1V                                     49       2       2       0   .abs_section_49
     Propia                                     100       2       2       1   .bss        
     Temperature_LM35                           102       2       2       2   .bss        
     Temperature_ADCR                           104       2       2       4   .bss        
     Banderas                                   106       2       2       4   .bss        
     Lectura                                    108       2       2       3   .bss        
     pbuf                                       10A       6       6      14   .bss        
     _SRS                                      1800       1       1       0   .abs_section_1800
     _SBDFR                                    1801       1       1       0   .abs_section_1801
     _SOPT1                                    1802       1       1       1   .abs_section_1802
     _SOPT2                                    1803       1       1       0   .abs_section_1803
     _SDID                                     1806       2       2       0   .abs_section_1806
     _SRTISC                                   1808       1       1       0   .abs_section_1808
     _SPMSC1                                   1809       1       1       0   .abs_section_1809
     _SPMSC2                                   180A       1       1       0   .abs_section_180a
     _SPMSC3                                   180C       1       1       0   .abs_section_180c
     _DBGCA                                    1810       2       2       0   .abs_section_1810
     _DBGCB                                    1812       2       2       0   .abs_section_1812
     _DBGF                                     1814       2       2       0   .abs_section_1814
     _DBGC                                     1816       1       1       0   .abs_section_1816
     _DBGT                                     1817       1       1       0   .abs_section_1817
     _DBGS                                     1818       1       1       0   .abs_section_1818
     _FCDIV                                    1820       1       1       0   .abs_section_1820
     _FOPT                                     1821       1       1       0   .abs_section_1821
     _FCNFG                                    1823       1       1       0   .abs_section_1823
     _FPROT                                    1824       1       1       0   .abs_section_1824
     _FSTAT                                    1825       1       1       0   .abs_section_1825
     _FCMD                                     1826       1       1       0   .abs_section_1826
     _PTAPE                                    1840       1       1       0   .abs_section_1840
     _PTASE                                    1841       1       1       0   .abs_section_1841
     _PTADS                                    1842       1       1       0   .abs_section_1842
     _PTBPE                                    1844       1       1       0   .abs_section_1844
     _PTBSE                                    1845       1       1       0   .abs_section_1845
     _PTBDS                                    1846       1       1       0   .abs_section_1846
     loadByte                                  E000       E      14       5   .init       
     Init                                      E00E      6D     109       1   .init       
     _Startup                                  E07B       9       9       0   .init       
     pow10                                     E092      28      40       4   .rodata     
     pow16                                     E0BA      20      32       4   .rodata     
     pow8                                      E0DA      2C      44       4   .rodata     
     STRING..ADC...1                           E106       7       7       1   .rodata1    
     STRING.Temperatura.LM35...2               E10D      13      19       1   .rodata1    
     STRING.Temperatura.MCU...3                E120      12      18       1   .rodata1    
     STRING..i.4                               E132       3       3       1   .rodata1    
     Int_ADC                                   E135       E      14       1   .text       
     main                                      E143     121     289       4   .text       
     serial                                    E264       D      13       1   .text       
     serialchar                                E271      32      50       2   .text       
     serialtext                                E2A3      23      35       3   .text       
     vprintf                                   E2C6     60B    1547      39   .text       
     _out                                      E8D1       D      13       9   .text       
     deposit_char                              E8DE      15      21       1   .text       
     sprintf                                   E8F3      3B      59       1   .text       
     _PUSH_ARGS_L                              E92E      20      32       2   .text       
     _ENTER_UNARY_L                            E94E      29      41       1   .text       
     _ENTER_BINARY_L                           E977      16      22       2   .text       
     _ENTER_BINARY_L_RC                        E98D      19      25       3   .text       
     _IDIVMOD                                  E9A6      69     105       1   .text       
     _k_is_k_plus_j_l                          EA0F      1E      30       2   .text       
     _k_is_k_plus_j_i                          EA2D      12      18       3   .text       
     _LSUB_k_is_k_minus_j                      EA3F      1F      31       2   .text       
     _LMUL_k_is_k_mul_j                        EA5E      81     129       1   .text       
     _LDIVMOD                                  EADF      A4     164       1   .text       
     _NEG_L_HX                                 EB83      13      19       2   .text       
     _ABS_L_HX                                 EB96       6       6       2   .text       
     _SPLITSIGN_L                              EB9C       A      10       1   .text       
     _LDIVS_k_is_k_div_j                       EBA6      27      39       1   .text       
     _LCMP_k_rel_j                             EBCD      1F      31       1   .text       
     _IMUL_STAR08                              EBEC      27      39       3   .text       
     _IDIVU_STAR08                             EC13       D      13       1   .text       
     _LNEG                                     EC20      1C      28       1   .text       
     _LSUB                                     EC3C       6       6       1   .text       
     _LSUB_RC                                  EC42       6       6       1   .text       
     _LMUL_RC                                  EC48       6       6       1   .text       
     _LDIVS_RC                                 EC4E       6       6       2   .text       
     _LCMP                                     EC54       6       6       4   .text       
     _COPY                                     EC5A      30      48       2   .text       
     _POP32                                    EC8A      1A      26       4   .text       
     _SEXT16_32                                ECA4       D      13       2   .text       
     _Jump_Table_Addr                          ECB1      16      22       1   .text       
     _Search_Table_8_Addr                      ECC7      21      33       1   .text       
     _Search_Table_8_Offset                    ECE8      25      37       1   .text       
     strlen                                    ED0D      27      39       1   .text       
     _Vector_19                                FFD8       2       2       0   .abs_section_ffd8

*********************************************************************************************
UNUSED-OBJECTS SECTION
---------------------------------------------------------------------------------------------
NOT USED PROCEDURES
printf.o (ansiis.lib):
  set_printf vsprintf 
rtshc08.o (ansiis.lib):
  _PUSH_ARGS_D _ENTER_UNARY_L64 _ENTER_UNARY_L64_4 _ENTER_BINARY_L_LC 
  _ENTER_BINARY_L64 _ENTER_BINARY_L64_LC _ENTER_BINARY_L64_RC _SPLITSIGN 
  _LADD_k_is_k_plus_j _LAND_k_is_k_and_j _LOR_k_is_k_or_j _LXOR_k_is_k_xor_j 
  _LMODU_k_is_k_mod_j _LDIVU_k_is_k_div_j _LMODS_k_is_k_mod_j _CMP24_k_rel_j 
  _BMULS _BDIVS _BMODS _IDIVS_STAR08 _IMODS_STAR08 _IMODU_STAR08 _IDIVU_8 
  _IMODU_8 _IASR _ILSR _ILSL _ICMP _LINC _LDEC _LNOT _LADD _LADD_RC _LSUB_LC 
  _LAND _LAND_RC _LOR _LOR_RC _LXOR _LXOR_RC _LMUL _LDIVS _LDIVS_LC _LDIVU 
  _LDIVU_LC _LDIVU_RC _LMODS _LMODS_LC _LMODS_RC _LMODU _LMODU_LC _LMODU_RC 
  _LASR _LLSR _LLSL _LCMP_RC _PUSH_ARGS_24 _ENTER_BINARY_24_RC _ENTER_BINARY_24 
  _CMP24 _CMP24_RC _COPY_L _POP64 _STORE32 _STORE64 _SEXT8_32 _CALL_STAR08 
  _CALL_STAR08_FAR _Jump_Table_Offset _Jump_Table_Header_Addr 
  _Jump_Table_Header_Offset _Search_Table_16_Addr _Search_Table_16_Offset 
  _PUSH_CC _POP_CC _CONV_FAR_TO_NEAR _CONV_FAR_TO_LINEAR _CONV_LINEAR_TO_FAR 
string.o (ansiis.lib):
  strerror memchr memcmp memcpy2 memcpy _memcpy_8bitCount memmove memset 
  _memset_clear_8bitCount strset strcat strncat strcpy strncpy strcmp strncmp 
  strchr strrchr strspn strcspn strpbrk strstr strtok strcoll strxfrm 
NOT USED VARIABLES
rtshc08.o (ansiis.lib):
  _PowOfTwo_8 _PowOfTwo_16 _PowOfTwo_32 errno 
string.o (ansiis.lib):
  STRING..1 next.2 

*********************************************************************************************
COPYDOWN SECTION
---------------------------------------------------------------------------------------------
------- ROM-ADDRESS: 0xED34 ---- SIZE       2 ---
Filling bytes inserted
 0000

*********************************************************************************************
OBJECT-DEPENDENCIES SECTION
---------------------------------------------------------------------------------------------
Init                      USES _startupData loadByte 
_Startup                  USES __SEG_END_SSTACK Init main 
Int_ADC                   USES _ADCR Temperature_ADCR Banderas 
main                      USES _SOPT1 _SCIC2 _SCIBD _PTADD _ADCCFG _APCTL1 
                                _ADCSC1 Banderas main Lectura STRING..ADC...1 
                                Temperature_ADCR serialtext _IMUL_STAR08 _IDIVU_STAR08 
                                Temperature_LM35 STRING.Temperatura.LM35...2 serial _PTAD 
                                _LMUL_RC _LDIVS_RC _LSUB_RC Propia 
                                STRING.Temperatura.MCU...3 
serial                    USES _SCIS1 _SCID 
serialchar                USES strlen _SCIS1 _SCID 
serialtext                USES serialchar STRING..i.4 sprintf 
vprintf                   USES _out vprintf _Search_Table_8_Offset 
                                _IMUL_STAR08 _Jump_Table_Addr _Search_Table_8_Addr pbuf 
                                _SEXT16_32 _POP32 _LNEG pow8 _LCMP pow16 pow10 _COPY 
                                _LSUB 
_out                      USES pbuf 
deposit_char              USES pbuf 
sprintf                   USES pbuf deposit_char vprintf 
_ENTER_BINARY_L           USES _PUSH_ARGS_L 
_ENTER_BINARY_L_RC        USES _PUSH_ARGS_L 
_LMUL_k_is_k_mul_j        USES _k_is_k_plus_j_l _k_is_k_plus_j_i 
_ABS_L_HX                 USES _NEG_L_HX 
_SPLITSIGN_L              USES _ABS_L_HX 
_LDIVS_k_is_k_div_j       USES _SPLITSIGN_L _LDIVMOD _NEG_L_HX 
_IDIVU_STAR08             USES _IDIVMOD 
_LNEG                     USES _ENTER_UNARY_L 
_LSUB                     USES _ENTER_BINARY_L _LSUB_k_is_k_minus_j 
_LSUB_RC                  USES _ENTER_BINARY_L_RC _LSUB_k_is_k_minus_j 
_LMUL_RC                  USES _ENTER_BINARY_L_RC _LMUL_k_is_k_mul_j 
_LDIVS_RC                 USES _ENTER_BINARY_L_RC _LDIVS_k_is_k_div_j 
_LCMP                     USES _ENTER_BINARY_L _LCMP_k_rel_j 
_Vector_19                USES Int_ADC 

*********************************************************************************************
DEPENDENCY TREE
*********************************************************************************************
 main and _Startup Group
 | 
 +- main                
 |  | 
 |  +- serialtext          
 |  |  | 
 |  |  +- serialchar          
 |  |  |  | 
 |  |  |  +- strlen              
 |  |  |       
 |  |  +- sprintf             
 |  |     | 
 |  |     +- deposit_char        
 |  |     |    
 |  |     +- vprintf             
 |  |        | 
 |  |        +- _out                
 |  |        |    
 |  |        +- _Search_Table_8_Offset
 |  |        |    
 |  |        +- _IMUL_STAR08        
 |  |        |    
 |  |        +- _Jump_Table_Addr    
 |  |        |    
 |  |        +- _Search_Table_8_Addr
 |  |        |    
 |  |        +- _SEXT16_32          
 |  |        |    
 |  |        +- _POP32              
 |  |        |    
 |  |        +- _LNEG               
 |  |        |  | 
 |  |        |  +- _ENTER_UNARY_L      
 |  |        |       
 |  |        +- _LCMP               
 |  |        |  | 
 |  |        |  +- _ENTER_BINARY_L     
 |  |        |  |  | 
 |  |        |  |  +- _PUSH_ARGS_L        
 |  |        |  |       
 |  |        |  +- _LCMP_k_rel_j       
 |  |        |       
 |  |        +- _COPY               
 |  |        |    
 |  |        +- _LSUB               
 |  |           | 
 |  |           +- _ENTER_BINARY_L      (see above)
 |  |           |  
 |  |           +- _LSUB_k_is_k_minus_j
 |  |                
 |  +- _IMUL_STAR08         (see above)
 |  |  
 |  +- _IDIVU_STAR08       
 |  |  | 
 |  |  +- _IDIVMOD            
 |  |       
 |  +- serial              
 |  |    
 |  +- _LMUL_RC            
 |  |  | 
 |  |  +- _ENTER_BINARY_L_RC  
 |  |  |  | 
 |  |  |  +- _PUSH_ARGS_L         (see above)
 |  |  |     
 |  |  +- _LMUL_k_is_k_mul_j  
 |  |     | 
 |  |     +- _k_is_k_plus_j_l    
 |  |     |    
 |  |     +- _k_is_k_plus_j_i    
 |  |          
 |  +- _LDIVS_RC           
 |  |  | 
 |  |  +- _ENTER_BINARY_L_RC   (see above)
 |  |  |  
 |  |  +- _LDIVS_k_is_k_div_j 
 |  |     | 
 |  |     +- _SPLITSIGN_L        
 |  |     |  | 
 |  |     |  +- _ABS_L_HX           
 |  |     |     | 
 |  |     |     +- _NEG_L_HX           
 |  |     |          
 |  |     +- _LDIVMOD            
 |  |     |    
 |  |     +- _NEG_L_HX            (see above)
 |  |        
 |  +- _LSUB_RC            
 |     | 
 |     +- _ENTER_BINARY_L_RC   (see above)
 |     |  
 |     +- _LSUB_k_is_k_minus_j (see above)
 |        
 +- _Startup            
    | 
    +- Init                
    |  | 
    |  +- loadByte            
    |       
    +- main                 (see above)
       
 _Vector_19          
 | 
 +- Int_ADC             
      
*********************************************************************************************
STATISTIC SECTION
---------------------------------------------------------------------------------------------

ExeFile:
--------
Number of blocks to be downloaded: 6
Total size of all blocks to be downloaded: 3386

